// Jest Snapshot v1, https://goo.gl/fbAQLP

exports[`Item component renders with params 1`] = `
<div
  className="item"
>
  <div
    className="city-item"
    onClick={[Function]}
  >
    San Francisco
    <button
      className="btn"
      onClick={[Function]}
      type="button"
    >
      x
    </button>
  </div>
</div>
`;
